
Memory Configuration

Name             Origin             Length             Attributes
FLASH            0x0000000000000000 0x0000000020000000 xr
SRAM             0x0000000020000000 0x0000000020000000 xrw
*default*        0x0000000000000000 0xffffffffffffffff

Linker script and memory map


.text           0x0000000000000000       0xf4
 *(.vectors*)
 .vectors       0x0000000000000000       0x10 build/startup.o
                0x0000000000000000                pf_Vectors
 *(.text*)
 .text          0x0000000000000010       0x88 build/main.o
                0x0000000000000010                main
 .text          0x0000000000000098       0x5c build/startup.o
                0x0000000000000098                Mem_Init
                0x00000000000000e0                Reset_Handler
                0x00000000000000ec                Default_Handler
                0x00000000000000ec                Hard_Fault_Handler
                0x00000000000000ec                NMI_Handler
 *(.rodata)
                0x00000000000000f4                _E_TEXT = .

.glue_7         0x00000000000000f4        0x0
 .glue_7        0x00000000000000f4        0x0 linker stubs

.glue_7t        0x00000000000000f4        0x0
 .glue_7t       0x00000000000000f4        0x0 linker stubs

.vfp11_veneer   0x00000000000000f4        0x0
 .vfp11_veneer  0x00000000000000f4        0x0 linker stubs

.v4_bx          0x00000000000000f4        0x0
 .v4_bx         0x00000000000000f4        0x0 linker stubs

.iplt           0x00000000000000f4        0x0
 .iplt          0x00000000000000f4        0x0 build/startup.o

.rel.dyn        0x00000000000000f4        0x0
 .rel.iplt      0x00000000000000f4        0x0 build/startup.o

.data           0x0000000020000000        0x0 load address 0x00000000000000f4
                0x0000000020000000                _S_DATA = .
 *(.data)
 .data          0x0000000020000000        0x0 build/main.o
 .data          0x0000000020000000        0x0 build/startup.o
                0x0000000020000000                . = ALIGN (0x4)
                0x0000000020000000                _E_DATA = .

.igot.plt       0x0000000020000000        0x0 load address 0x00000000000000f4
 .igot.plt      0x0000000020000000        0x0 build/startup.o

.bss            0x0000000020000000      0x400 load address 0x00000000000000f4
                0x0000000020000000                _S_BSS = .
 *(.bss*)
 .bss           0x0000000020000000        0x0 build/main.o
 .bss           0x0000000020000000      0x400 build/startup.o
                0x0000000020000400                _E_BSS = .
LOAD build/main.o
LOAD build/startup.o
OUTPUT(build/TM4C123.elf elf32-littlearm)
LOAD linker stubs

.debug_info     0x0000000000000000      0x313
 .debug_info    0x0000000000000000       0xc6 build/main.o
 .debug_info    0x00000000000000c6      0x24d build/startup.o

.debug_abbrev   0x0000000000000000      0x1ae
 .debug_abbrev  0x0000000000000000       0x6b build/main.o
 .debug_abbrev  0x000000000000006b      0x143 build/startup.o

.debug_loc      0x0000000000000000      0x141
 .debug_loc     0x0000000000000000       0x20 build/main.o
 .debug_loc     0x0000000000000020      0x121 build/startup.o

.debug_aranges  0x0000000000000000       0x40
 .debug_aranges
                0x0000000000000000       0x20 build/main.o
 .debug_aranges
                0x0000000000000020       0x20 build/startup.o

.debug_line     0x0000000000000000      0x288
 .debug_line    0x0000000000000000      0x123 build/main.o
 .debug_line    0x0000000000000123      0x165 build/startup.o

.debug_str      0x0000000000000000      0x1d6
 .debug_str     0x0000000000000000      0x13f build/main.o
                                        0x181 (size before relaxing)
 .debug_str     0x000000000000013f       0x97 build/startup.o
                                        0x1fb (size before relaxing)

.comment        0x0000000000000000       0x12
 .comment       0x0000000000000000       0x12 build/main.o
                                         0x13 (size before relaxing)
 .comment       0x0000000000000012       0x13 build/startup.o

.ARM.attributes
                0x0000000000000000       0x2e
 .ARM.attributes
                0x0000000000000000       0x2e build/main.o
 .ARM.attributes
                0x000000000000002e       0x2e build/startup.o

.debug_frame    0x0000000000000000       0x74
 .debug_frame   0x0000000000000000       0x24 build/main.o
 .debug_frame   0x0000000000000024       0x50 build/startup.o

.debug_ranges   0x0000000000000000       0x18
 .debug_ranges  0x0000000000000000       0x18 build/startup.o
