
Memory Configuration

Name             Origin             Length             Attributes
FLASH            0x0000000008000000 0x0000000000020000 xr
SRAM             0x0000000020000000 0x0000000000005000 xrw
*default*        0x0000000000000000 0xffffffffffffffff

Linker script and memory map


.text           0x0000000008000000       0xe3
 *(.vectors*)
 .vectors       0x0000000008000000       0x20 build/startup.o
                0x0000000008000000                vectors
 *(.text*)
 .text          0x0000000008000020       0x68 build/main.o
                0x0000000008000020                NMI_Handler
                0x0000000008000022                main
 .text          0x0000000008000088       0x50 build/startup.o
                0x0000000008000088                Mem_Init
                0x00000000080000c4                Reset_Handler
                0x00000000080000d0                Bus_Fault_Handler
                0x00000000080000d0                Default_Handler
                0x00000000080000d0                Usage_Fault_Handler
                0x00000000080000d0                Hard_Fault_Handler
                0x00000000080000d0                Memory_Management_Fault_Handler
 *(.rodata)
 .rodata        0x00000000080000d8        0xb build/main.o
                0x00000000080000d8                Uninitialized_Global
                0x00000000080000e0                Global_Const
                0x00000000080000e3                _E_TEXT = .

.glue_7         0x00000000080000e4        0x0
 .glue_7        0x00000000080000e4        0x0 linker stubs

.glue_7t        0x00000000080000e4        0x0
 .glue_7t       0x00000000080000e4        0x0 linker stubs

.vfp11_veneer   0x00000000080000e4        0x0
 .vfp11_veneer  0x00000000080000e4        0x0 linker stubs

.v4_bx          0x00000000080000e4        0x0
 .v4_bx         0x00000000080000e4        0x0 linker stubs

.iplt           0x00000000080000e4        0x0
 .iplt          0x00000000080000e4        0x0 build/main.o

.rel.dyn        0x00000000080000e4        0x0
 .rel.iplt      0x00000000080000e4        0x0 build/main.o

.data           0x0000000020000000        0x7 load address 0x00000000080000e3
                0x0000000020000000                _S_DATA = .
 *(.data)
 .data          0x0000000020000000        0x7 build/main.o
                0x0000000020000000                R_ODR
                0x0000000020000004                Initialized_Global
 .data          0x0000000020000007        0x0 build/startup.o
                0x0000000020000007                _E_DATA = .

.igot.plt       0x0000000020000008        0x0 load address 0x00000000080000ea
 .igot.plt      0x0000000020000008        0x0 build/main.o

.bss            0x0000000020000007     0x1001 load address 0x00000000080000ea
                0x0000000020000007                _S_BSS = .
 *(.bss)
 .bss           0x0000000020000007        0x0 build/main.o
 .bss           0x0000000020000007        0x0 build/startup.o
                0x0000000020000008                . = ALIGN (0x4)
 *fill*         0x0000000020000007        0x1 
                0x0000000020000008                _E_BSS = .
                0x0000000020000008                . = ALIGN (0x4)
                0x0000000020001008                . = (. + 0x1000)
 *fill*         0x0000000020000008     0x1000 
                0x0000000020001008                _STACK_TOP = .
LOAD build/main.o
LOAD build/startup.o
OUTPUT(build/STM32.elf elf32-littlearm)
LOAD linker stubs

.debug_info     0x0000000000000000      0x5f9
 .debug_info    0x0000000000000000      0x447 build/main.o
 .debug_info    0x0000000000000447      0x1b2 build/startup.o

.debug_abbrev   0x0000000000000000      0x23a
 .debug_abbrev  0x0000000000000000      0x13c build/main.o
 .debug_abbrev  0x000000000000013c       0xfe build/startup.o

.debug_loc      0x0000000000000000      0x158
 .debug_loc     0x0000000000000000       0x8d build/main.o
 .debug_loc     0x000000000000008d       0xcb build/startup.o

.debug_aranges  0x0000000000000000       0x40
 .debug_aranges
                0x0000000000000000       0x20 build/main.o
 .debug_aranges
                0x0000000000000020       0x20 build/startup.o

.debug_ranges   0x0000000000000000       0x18
 .debug_ranges  0x0000000000000000       0x18 build/main.o

.debug_line     0x0000000000000000      0x24a
 .debug_line    0x0000000000000000      0x130 build/main.o
 .debug_line    0x0000000000000130      0x11a build/startup.o

.debug_str      0x0000000000000000      0x2b7
 .debug_str     0x0000000000000000      0x258 build/main.o
                                        0x29a (size before relaxing)
 .debug_str     0x0000000000000258       0x5f build/startup.o
                                        0x1d3 (size before relaxing)

.comment        0x0000000000000000       0x12
 .comment       0x0000000000000000       0x12 build/main.o
                                         0x13 (size before relaxing)
 .comment       0x0000000000000012       0x13 build/startup.o

.ARM.attributes
                0x0000000000000000       0x2d
 .ARM.attributes
                0x0000000000000000       0x2d build/main.o
 .ARM.attributes
                0x000000000000002d       0x2d build/startup.o

.debug_frame    0x0000000000000000       0x80
 .debug_frame   0x0000000000000000       0x30 build/main.o
 .debug_frame   0x0000000000000030       0x50 build/startup.o
